// Jest Snapshot v1, https://goo.gl/fbAQLP

exports[`Header component test Header component should match snapshot 1`] = `
<nav
  className="header navbar navbar-expand navbar-light"
  data-testid="header-wrapper-div"
>
  <div
    className="container"
  >
    <span
      className="navbar-brand"
    >
      <a
        className="headerText"
        data-testid="header-anchor"
        href="/"
        onClick={[Function]}
      >
        RTL News
      </a>
    </span>
    <div
      className="navbar-nav"
      onKeyDown={[Function]}
    >
      <div
        className="dropdown"
      >
        <span
          className="headerText badge bg-inherit"
          data-testid="header-login"
        >
          Login
        </span>
      </div>
    </div>
  </div>
</nav>
`;
